[himanshunarang.000webhostapp.com/index.html]
[backblue.gif]
[fade.gif]
[index.html]
[maxcdn.bootstrapcdn.com/bootstrap/3.3.7/css/bootstrap.min.css]
[cdnjs.cloudflare.com/ajax/libs/font-awesome/4.7.0/css/font-awesome.min.css]
[himanshunarang.000webhostapp.com/css/style.css]
[ajax.googleapis.com/ajax/libs/jquery/3.2.1/jquery.min.js]
[maxcdn.bootstrapcdn.com/bootstrap/3.3.7/js/bootstrap.min.js]
[himanshunarang.000webhostapp.com/js/wow.js]
[himanshunarang.000webhostapp.com/images/construction.jpg]
[himanshunarang.000webhostapp.com/images/development.jpg]
[himanshunarang.000webhostapp.com/images/real_estate.jpg]
[himanshunarang.000webhostapp.com/images/hero_image.jpg]
[himanshunarang.000webhostapp.com/images/a2.jpg]
[cdn.000webhost.com/000webhost/logo/footer-powered-by-000webhost-white2.png]
[himanshunarang.000webhostapp.com/index.html]
[maxcdn.bootstrapcdn.com/bootstrap/3.3.7/css/bootstrap.min.css]
[cdnjs.cloudflare.com/ajax/libs/font-awesome/4.7.0/css/font-awesome.min.css]
[himanshunarang.000webhostapp.com/css/style.css]
[himanshunarang.000webhostapp.com/css/animate.css]
[himanshunarang.000webhostapp.com/css/animate.css]
